
> dys-detect-temp@0.1.0 build
> next build

Ôû▓ Next.js 16.2.0 (Turbopack)

  Creating an optimized production build ...
node.exe : 
Au caractère Ligne:1 
: 1
+ & "C:\Program Files
\nodejs/node.exe" 
"C:\Program 
Files\nodejs/node_mo 
...
+ ~~~~~~~~~~~~~~~~~~~
~~~~~~~~~~~~~~~~~~~~~
~~~~~~~~~~~~~~~~~~~~~
~~~~~~~~
    + CategoryInfo   
           : NotSpe  
  cified: (:String   
 ) [], RemoteExce    
ption
    + FullyQualified 
   ErrorId : Native  
  CommandError
 
> Build error 
occurred
Error: Turbopack 
build failed with 1 
errors:
./node_modules/fflate
/lib/node.cjs:22:13
Module not found: 
Can't resolve 
<dynamic>
  [90m20 |[0m node_
worker_1[[32m"defaul
t"[0m] = 
[33mWorker[0m ? 
[36mfunction[0m 
(c, _, msg, 
transfer, cb) {
  [90m21 |[0m     
[36mvar[0m done = 
[36mfalse[0m;
[31m[1m>[0m 
[90m22 |[0m     
[36mvar[0m w = 
[36mnew[0m 
[33mWorker[0m(c + 
workerAdd, { eval: 
[36mtrue[0m })
  [90m   |[0m      
       [31m[1m^^^^^
^^^^^^^^^^^^^^^^^^^^^
^^^^^^^^^^^^^^^[0m
  [90m23 |[0m      
   .on([32m'error'[
0m, 
[36mfunction[0m 
(e) { 
[36mreturn[0m 
cb(e, 
[36mnull[0m); })
  [90m24 |[0m      
   .on([32m'message'
[0m, 
[36mfunction[0m 
(m) { 
[36mreturn[0m 
cb([36mnull[0m, 
m); })
  [90m25 |[0m      
   
.on([32m'exit'[0m, 
[36mfunction[0m 
(c) {



Import trace:
  Client Component 
SSR:
    ./node_modules/ff
late/lib/node.cjs 
[Client Component 
SSR]
    ./node_modules/js
pdf/dist/jspdf.node.m
in.js [Client 
Component SSR]
    ./src/lib/export-
pdf.ts [Client 
Component SSR]
    ./src/app/results
/[id]/page.tsx 
[Client Component 
SSR]
    ./src/app/results
/[id]/page.tsx 
[Server Component]

https://nextjs.org/do
cs/messages/module-no
t-found


    at <unknown> (htt
ps://nextjs.org/docs/
messages/module-not-f
ound)
